I'm sorry, but errors were detected in your script. Please correct the
errors listed below, and try again.


File "game/script.rpy", line 39: is not terminated with a newline. (Check strings and parenthesis.)
(Perhaps you left out a " at the end of the first line.)
        w "Patrzcież ludy! Anteprener

Ren'Py Version: Ren'Py 7.3.5.606
Thu Feb 27 16:01:59 2020
